// Jest Snapshot v1, https://goo.gl/fbAQLP

exports[`Parse ICS to JSON file Parses ICS and matches JSON snapshot \`blank_description.ics\` 1`] = `"{"VCALENDAR":[{"CALSCALE":"GREGORIAN","PRODID":"-//Google Inc//Google Calendar 70.9054//EN","VERSION":"2.0","VEVENT":[{"CREATED":"20120724T212411Z","DESCRIPTION":"","DTEND":{"TZID":"America/Los_Angeles","__value__":"20120630T070000","key":"DTEND"},"DTSTAMP":"20120724T212411Z","DTSTART":{"TZID":"America/Los_Angeles","__value__":"20120630T060000","key":"DTSTART"},"LAST-MODIFIED":"20120724T212411Z","LOCATION":"","SEQUENCE":"0","STATUS":"CONFIRMED","SUMMARY":"Really long event name thing","TRANSP":"OPAQUE","UID":"dn4vrfmfn5p05roahsopg57h48@google.com","VALARM":[{"ACTION":"EMAIL","ATTENDEE":["mailto:calmozilla1@gmail.com"],"DESCRIPTION":"This is an event reminder","SUMMARY":"Alarm notification","TRIGGER":"-P0DT0H30M0S"},{"ACTION":"DISPLAY","DESCRIPTION":"This is an event reminder","TRIGGER":"-P0DT0H30M0S"}]}],"VTIMEZONE":[{"DAYLIGHT":[{"DTSTART":"19700308T020000","RRULE":"FREQ=YEARLY;BYMONTH=3;BYDAY=2SU","TZNAME":"PDT","TZOFFSETFROM":"-0800","TZOFFSETTO":"-0700"}],"STANDARD":[{"DTSTART":"19701101T020000","RRULE":"FREQ=YEARLY;BYMONTH=11;BYDAY=1SU","TZNAME":"PST","TZOFFSETFROM":"-0700","TZOFFSETTO":"-0800"}],"TZID":"America/Los_Angeles","X-LIC-LOCATION":"America/Los_Angeles"}],"X-WR-CALNAME":"calmozilla1@gmail.com","X-WR-TIMEZONE":"America/Los_Angeles"}]}"`;

exports[`Parse ICS to JSON file Parses ICS and matches JSON snapshot \`blank_line_end.ics\` 1`] = `"{}"`;

exports[`Parse ICS to JSON file Parses ICS and matches JSON snapshot \`blank_line_mid.ics\` 1`] = `"{"VCALENDAR":[{"COMMENT":"This blank line is invalid"}]}"`;

exports[`Parse ICS to JSON file Parses ICS and matches JSON snapshot \`daily_recur.ics\` 1`] = `"{"VCALENDAR":[{"CALSCALE":"GREGORIAN","PRODID":"-//Google Inc//Google Calendar 70.9054//EN","VERSION":"2.0","VEVENT":[{"CREATED":"20120803T221236Z","DESCRIPTION":"","DTEND":{"TZID":"America/Los_Angeles","__value__":"20120801T060000","key":"DTEND"},"DTSTAMP":"20120803T221236Z","DTSTART":{"TZID":"America/Los_Angeles","__value__":"20120801T050000","key":"DTSTART"},"LAST-MODIFIED":"20120803T221236Z","LOCATION":"","RRULE":"FREQ=DAILY","SEQUENCE":"0","STATUS":"CONFIRMED","SUMMARY":"Every day recurring","TRANSP":"OPAQUE","UID":"tgh9qho17b07pk2n2ji3gluans@google.com","VALARM":[{"ACTION":"EMAIL","ATTENDEE":["mailto:calmozilla1@gmail.com"],"DESCRIPTION":"This is an event reminder","SUMMARY":"Alarm notification","TRIGGER":"-P0DT0H30M0S"},{"ACTION":"DISPLAY","DESCRIPTION":"This is an event reminder","TRIGGER":"-P0DT0H30M0S"}]}],"VTIMEZONE":[{"DAYLIGHT":[{"DTSTART":"19700308T020000","RRULE":"FREQ=YEARLY;BYMONTH=3;BYDAY=2SU","TZNAME":"PDT","TZOFFSETFROM":"-0800","TZOFFSETTO":"-0700"}],"STANDARD":[{"DTSTART":"19701101T020000","RRULE":"FREQ=YEARLY;BYMONTH=11;BYDAY=1SU","TZNAME":"PST","TZOFFSETFROM":"-0700","TZOFFSETTO":"-0800"}],"TZID":"America/Los_Angeles","X-LIC-LOCATION":"America/Los_Angeles"}],"X-WR-CALNAME":"calmozilla1@gmail.com","X-WR-TIMEZONE":"America/Los_Angeles"}]}"`;

exports[`Parse ICS to JSON file Parses ICS and matches JSON snapshot \`day_long_recur_yearly.ics\` 1`] = `"{"VCALENDAR":[{"CALSCALE":"GREGORIAN","PRODID":"-//Google Inc//Google Calendar 70.9054//EN","VERSION":"2.0","VEVENT":[{"CREATED":"20120803T221306Z","DESCRIPTION":"","DTEND":{"VALUE":"DATE","__value__":"20120804","key":"DTEND"},"DTSTAMP":"20120803T221306Z","DTSTART":{"VALUE":"DATE","__value__":"20120803","key":"DTSTART"},"LAST-MODIFIED":"20120803T221306Z","LOCATION":"","RRULE":"FREQ=WEEKLY;BYDAY=MO,TU,WE,TH,FR","SEQUENCE":"0","STATUS":"CONFIRMED","SUMMARY":"Day Long Event","TRANSP":"TRANSPARENT","UID":"4pfh824gvims850j0gar361t04@google.com","VALARM":[{"ACTION":"EMAIL","ATTENDEE":["mailto:calmozilla1@gmail.com"],"DESCRIPTION":"This is an event reminder","SUMMARY":"Alarm notification","TRIGGER":{"VALUE":"DATE-TIME","__value__":"20120802T233000Z","key":"TRIGGER"}},{"ACTION":"DISPLAY","DESCRIPTION":"This is an event reminder","TRIGGER":{"VALUE":"DATE-TIME","__value__":"20120802T233000Z","key":"TRIGGER"}}]}],"VTIMEZONE":[{"DAYLIGHT":[{"DTSTART":"19700308T020000","RRULE":"FREQ=YEARLY;BYMONTH=3;BYDAY=2SU","TZNAME":"PDT","TZOFFSETFROM":"-0800","TZOFFSETTO":"-0700"}],"STANDARD":[{"DTSTART":"19701101T020000","RRULE":"FREQ=YEARLY;BYMONTH=11;BYDAY=1SU","TZNAME":"PST","TZOFFSETFROM":"-0700","TZOFFSETTO":"-0800"}],"TZID":"America/Los_Angeles","X-LIC-LOCATION":"America/Los_Angeles"}],"X-WR-CALNAME":"calmozilla1@gmail.com","X-WR-TIMEZONE":"America/Los_Angeles"}]}"`;

exports[`Parse ICS to JSON file Parses ICS and matches JSON snapshot \`duration_instead_of_dtend.ics\` 1`] = `"{"VCALENDAR":[{"CALSCALE":"GREGORIAN","PRODID":"-//Google Inc//Google Calendar 70.9054//EN","VERSION":"2.0","VEVENT":[{"CREATED":"20120724T212411Z","DESCRIPTION":"","DTSTAMP":"20120724T212411Z","DTSTART":{"TZID":"America/Los_Angeles","__value__":"20120630T060000","key":"DTSTART"},"DURATION":"P1D","LAST-MODIFIED":"20120724T212411Z","LOCATION":"","SEQUENCE":"0","STATUS":"CONFIRMED","SUMMARY":"Really long event name thing","TRANSP":"OPAQUE","UID":"dn4vrfmfn5p05roahsopg57h48@example.com"}],"VTIMEZONE":[{"DAYLIGHT":[{"DTSTART":"19700308T020000","RRULE":"FREQ=YEARLY;BYMONTH=3;BYDAY=2SU","TZNAME":"PDT","TZOFFSETFROM":"-0800","TZOFFSETTO":"-0700"}],"STANDARD":[{"DTSTART":"19701101T020000","RRULE":"FREQ=YEARLY;BYMONTH=11;BYDAY=1SU","TZNAME":"PST","TZOFFSETFROM":"-0700","TZOFFSETTO":"-0800"}],"TZID":"America/Los_Angeles","X-LIC-LOCATION":"America/Los_Angeles"}],"X-WR-CALNAME":"calmozilla1@example.com","X-WR-TIMEZONE":"America/Los_Angeles"}]}"`;

exports[`Parse ICS to JSON file Parses ICS and matches JSON snapshot \`forced_types.ics\` 1`] = `"{"VCALENDAR":[{"CALSCALE":"GREGORIAN","PRODID":"-//Google Inc//Google Calendar 70.9054//EN","VERSION":"2.0","VEVENT":[{"CREATED":"20120905T084734Z","DESCRIPTION":"","DTEND":{"VALUE":"DATE","__value__":"20120905","key":"DTEND"},"DTSTAMP":"20120905T084734Z","DTSTART":{"VALUE":"DATE","__value__":"20120904","key":"DTSTART"},"LAST-MODIFIED":"20120905T084734Z","LOCATION":"","SEQUENCE":"0","STATUS":"CONFIRMED","SUMMARY":"Event","TRANSP":"TRANSPARENT","UID":"redgrb1l0aju5edm6h0s102eu4@google.com","VALARM":[{"ACTION":"EMAIL","ATTENDEE":["mailto:calmozilla1@gmail.com"],"DESCRIPTION":"This is an event reminder","SUMMARY":"Alarm notification","TRIGGER":{"VALUE":"DATE-TIME","__value__":"20120903T233000Z","key":"TRIGGER"}},{"ACTION":"DISPLAY","DESCRIPTION":"This is an event reminder"}]}],"VTIMEZONE":[{"DAYLIGHT":[{"DTSTART":"19700308T020000","RRULE":"FREQ=YEARLY;BYMONTH=3;BYDAY=2SU","TZNAME":"PDT","TZOFFSETFROM":"-0800","TZOFFSETTO":"-0700"}],"STANDARD":[{"DTSTART":"19701101T020000","RRULE":"FREQ=YEARLY;BYMONTH=11;BYDAY=1SU","TZNAME":"PST","TZOFFSETFROM":"-0700","TZOFFSETTO":"-0800"}],"TZID":"America/Los_Angeles","X-LIC-LOCATION":"America/Los_Angeles"}],"X-WR-CALNAME":"calmozilla1@gmail.com","X-WR-TIMEZONE":"America/Los_Angeles"}]}"`;

exports[`Parse ICS to JSON file Parses ICS and matches JSON snapshot \`google_birthday.ics\` 1`] = `"{"VCALENDAR":[{"CALSCALE":"GREGORIAN","PRODID":"-//Google Inc//Google Calendar 70.9054//EN","VERSION":"2.0","VEVENT":[{"ATTENDEE":[{"CN":"Contacts","CUTYPE":"INDIVIDUAL","PARTSTAT":"ACCEPTED","ROLE":"REQ-PARTICIPANT","X-NUM-GUESTS":"0","__value__":"mailto:4dhmurjkc5hn8sq0ctp6utbg5pr2sor1dhimsp31e8n6errfctm6abj3dtmg@virtual","key":"ATTENDEE"}],"CLASS":"PUBLIC","CREATED":"20121207T183041Z","DTEND":{"VALUE":"DATE","__value__":"20141211","key":"DTEND"},"DTSTAMP":"20121207T183041Z","DTSTART":{"VALUE":"DATE","__value__":"20141210","key":"DTSTART"},"LAST-MODIFIED":"20121207T183041Z","RDATE":["20131210Z","20121210Z"],"RRULE":"FREQ=DAILY;INTERVAL=1;COUNT=1","SEQUENCE":"1","STATUS":"CONFIRMED","SUMMARY":"PErson #2's birthday","TRANSP":"OPAQUE","UID":"2014_BIRTHDAY_79d389868f96182e@google.com"},{"ATTENDEE":[{"CN":"Contacts","CUTYPE":"INDIVIDUAL","PARTSTAT":"ACCEPTED","ROLE":"REQ-PARTICIPANT","X-NUM-GUESTS":"0","__value__":"mailto:4dhmurjkc5hn8sq0ctp6utbg5pr2sor1dhimsp31e8n6errfctm6abj3dtmg@virtual","key":"ATTENDEE"}],"CLASS":"PUBLIC","CREATED":"20121207T183041Z","DESCRIPTION":"Today is PErson #2's birthday!","DTEND":{"VALUE":"DATE","__value__":"20121211","key":"DTEND"},"DTSTAMP":"20121207T183041Z","DTSTART":{"VALUE":"DATE","__value__":"20121210","key":"DTSTART"},"LAST-MODIFIED":"20121207T183041Z","RECURRENCE-ID":{"VALUE":"DATE","__value__":"20121210","key":"RECURRENCE-ID"},"SEQUENCE":"1","STATUS":"CONFIRMED","SUMMARY":"PErson #2's birthday","TRANSP":"OPAQUE","UID":"BIRTHDAY_79d389868f96182e@google.com","X-GOOGLE-CALENDAR-CONTENT-DISPLAY":"chip","X-GOOGLE-CALENDAR-CONTENT-ICON":"https://calendar.google.com/googlecalendar/images/cake.gif"},{"ATTENDEE":[{"CN":"Contacts","CUTYPE":"INDIVIDUAL","PARTSTAT":"ACCEPTED","ROLE":"REQ-PARTICIPANT","X-NUM-GUESTS":"0","__value__":"mailto:4dhmurjkc5hn8sq0ctp6utbg5pr2sor1dhimsp31e8n6errfctm6abj3dtmg@virtual","key":"ATTENDEE"}],"CLASS":"PUBLIC","CREATED":"20121207T183041Z","DESCRIPTION":"Today is PErson #2's birthday!","DTEND":{"VALUE":"DATE","__value__":"20131211","key":"DTEND"},"DTSTAMP":"20121207T183041Z","DTSTART":{"VALUE":"DATE","__value__":"20131210","key":"DTSTART"},"LAST-MODIFIED":"20121207T183041Z","RECURRENCE-ID":{"VALUE":"DATE","__value__":"20131210","key":"RECURRENCE-ID"},"SEQUENCE":"1","STATUS":"CONFIRMED","SUMMARY":"PErson #2's birthday","TRANSP":"OPAQUE","UID":"BIRTHDAY_79d389868f96182e@google.com","X-GOOGLE-CALENDAR-CONTENT-DISPLAY":"chip","X-GOOGLE-CALENDAR-CONTENT-ICON":"https://calendar.google.com/googlecalendar/images/cake.gif"},{"ATTENDEE":[{"CN":"Contacts","CUTYPE":"INDIVIDUAL","PARTSTAT":"ACCEPTED","ROLE":"REQ-PARTICIPANT","X-NUM-GUESTS":"0","__value__":"mailto:4dhmurjkc5hn8sq0ctp6utbg5pr2sor1dhimsp31e8n6errfctm6abj3dtmg@virtual","key":"ATTENDEE"}],"CLASS":"PUBLIC","CREATED":"20121207T183041Z","DESCRIPTION":"Today is PErson #2's birthday!","DTEND":{"VALUE":"DATE","__value__":"20141211","key":"DTEND"},"DTSTAMP":"20121207T183041Z","DTSTART":{"VALUE":"DATE","__value__":"20141210","key":"DTSTART"},"LAST-MODIFIED":"20121207T183041Z","RECURRENCE-ID":{"VALUE":"DATE","__value__":"20141210","key":"RECURRENCE-ID"},"SEQUENCE":"1","STATUS":"CONFIRMED","SUMMARY":"PErson #2's birthday","TRANSP":"OPAQUE","UID":"BIRTHDAY_79d389868f96182e@google.com","X-GOOGLE-CALENDAR-CONTENT-DISPLAY":"chip","X-GOOGLE-CALENDAR-CONTENT-ICON":"https://calendar.google.com/googlecalendar/images/cake.gif"}],"X-WR-CALDESC":"Your contacts' birthdays and anniversaries","X-WR-CALNAME":"Contacts' birthdays and events","X-WR-TIMEZONE":"America/Los_Angeles"}]}"`;

exports[`Parse ICS to JSON file Parses ICS and matches JSON snapshot \`minimal.ics\` 1`] = `"{"VCALENDAR":[{"CALSCALE":"GREGORIAN","PRODID":"-//Google Inc//Google Calendar 70.9054//EN","VERSION":"2.0","VEVENT":[{"CREATED":"20120724T212411Z","DESCRIPTION":"","DTEND":{"TZID":"America/Los_Angeles","__value__":"20120630T070000","key":"DTEND"},"DTSTAMP":"20120724T212411Z","DTSTART":{"TZID":"America/Los_Angeles","__value__":"20120630T060000","key":"DTSTART"},"LAST-MODIFIED":"20120724T212411Z","LOCATION":"","SEQUENCE":"0","STATUS":"CONFIRMED","SUMMARY":"Really long event name thing","TRANSP":"OPAQUE","UID":"dn4vrfmfn5p05roahsopg57h48@google.com"}],"VTIMEZONE":[{"DAYLIGHT":[{"DTSTART":"19700308T020000","RRULE":"FREQ=YEARLY;BYMONTH=3;BYDAY=2SU","TZNAME":"PDT","TZOFFSETFROM":"-0800","TZOFFSETTO":"-0700"}],"STANDARD":[{"DTSTART":"19701101T020000","RRULE":"FREQ=YEARLY;BYMONTH=11;BYDAY=1SU","TZNAME":"PST","TZOFFSETFROM":"-0700","TZOFFSETTO":"-0800"}],"TZID":"America/Los_Angeles","X-LIC-LOCATION":"America/Los_Angeles"}],"X-WR-CALNAME":"calmozilla1@gmail.com","X-WR-TIMEZONE":"America/Los_Angeles"}]}"`;

exports[`Parse ICS to JSON file Parses ICS and matches JSON snapshot \`multiple_rrules.ics\` 1`] = `"{"VCALENDAR":[{"PRODID":"Zimbra-Calendar-Provider","VERSION":"2.0","VEVENT":[{"ATTENDEE":[{"CN":"James Lal","CUTYPE":"INDIVIDUAL","PARTSTAT":"NEEDS-ACTION","ROLE":"REQ-PARTICIPANT","RSVP":"TRUE","__value__":"mailto:jlal@mozilla.com","key":"ATTENDEE"}],"CLASS":"PUBLIC","DESCRIPTION":"weekly 1on1","DTEND":{"TZID":"America/Los_Angeles","__value__":"20120326T113000","key":"DTEND"},"DTSTAMP":"20120730T165637Z","DTSTART":{"TZID":"America/Los_Angeles","__value__":"20120326T110000","key":"DTSTART"},"LAST-MODIFIED":"20120326T161522Z","ORGANIZER":{"CN":"Faramarz Rashed","__value__":"mailto:frashed@mozilla.com","key":"ORGANIZER"},"RRULE":"FREQ=MONTHLY;BYDAY=SU;UNTIL=20120730T065959Z","SEQUENCE":"9","STATUS":"CONFIRMED","SUMMARY":"sahaja <> frashed","TRANSP":"OPAQUE","UID":"1334F9B7-6136-444E-A58D-472564C6AA73","VALARM":[{"ACTION":"DISPLAY","DESCRIPTION":"Reminder","TRIGGER":{"RELATED":"START","__value__":"-PT5M","key":"TRIGGER"}}]}],"VTIMEZONE":[{"DAYLIGHT":[{"DTSTART":"19710101T020000","RRULE":"FREQ=YEARLY;WKST=MO;INTERVAL=1;BYMONTH=3;BYDAY=2SU","TZNAME":"PDT","TZOFFSETFROM":"-0800","TZOFFSETTO":"-0700"}],"STANDARD":[{"DTSTART":"19710101T020000","RRULE":"FREQ=YEARLY;WKST=MO;INTERVAL=1;BYMONTH=11;BYDAY=1SU","TZNAME":"PST","TZOFFSETFROM":"-0700","TZOFFSETTO":"-0800"}],"TZID":"America/Los_Angeles"}]}]}"`;

exports[`Parse ICS to JSON file Parses ICS and matches JSON snapshot \`only_dtstart_date.ics\` 1`] = `"{"VCALENDAR":[{"CALSCALE":"GREGORIAN","PRODID":"-//Google Inc//Google Calendar 70.9054//EN","VERSION":"2.0","VEVENT":[{"CREATED":"20120724T212411Z","DESCRIPTION":"","DTSTAMP":"20120724T212411Z","DTSTART":{"VALUE":"DATE","__value__":"20120630","key":"DTSTART"},"LAST-MODIFIED":"20120724T212411Z","LOCATION":"","SEQUENCE":"0","STATUS":"CONFIRMED","SUMMARY":"Really long event name thing","TRANSP":"OPAQUE","UID":"dn4vrfmfn5p05roahsopg57h48@example.com"}],"VTIMEZONE":[{"DAYLIGHT":[{"DTSTART":"19700308T020000","RRULE":"FREQ=YEARLY;BYMONTH=3;BYDAY=2SU","TZNAME":"PDT","TZOFFSETFROM":"-0800","TZOFFSETTO":"-0700"}],"STANDARD":[{"DTSTART":"19701101T020000","RRULE":"FREQ=YEARLY;BYMONTH=11;BYDAY=1SU","TZNAME":"PST","TZOFFSETFROM":"-0700","TZOFFSETTO":"-0800"}],"TZID":"America/Los_Angeles","X-LIC-LOCATION":"America/Los_Angeles"}],"X-WR-CALNAME":"calmozilla1@example.com","X-WR-TIMEZONE":"America/Los_Angeles"}]}"`;

exports[`Parse ICS to JSON file Parses ICS and matches JSON snapshot \`only_dtstart_time.ics\` 1`] = `"{"VCALENDAR":[{"CALSCALE":"GREGORIAN","PRODID":"-//Google Inc//Google Calendar 70.9054//EN","VERSION":"2.0","VEVENT":[{"CREATED":"20120724T212411Z","DESCRIPTION":"","DTSTAMP":"20120724T212411Z","DTSTART":{"TZID":"America/Los_Angeles","__value__":"20120630T060000","key":"DTSTART"},"LAST-MODIFIED":"20120724T212411Z","LOCATION":"","SEQUENCE":"0","STATUS":"CONFIRMED","SUMMARY":"Really long event name thing","TRANSP":"OPAQUE","UID":"dn4vrfmfn5p05roahsopg57h48@example.com"}],"VTIMEZONE":[{"DAYLIGHT":[{"DTSTART":"19700308T020000","RRULE":"FREQ=YEARLY;BYMONTH=3;BYDAY=2SU","TZNAME":"PDT","TZOFFSETFROM":"-0800","TZOFFSETTO":"-0700"}],"STANDARD":[{"DTSTART":"19701101T020000","RRULE":"FREQ=YEARLY;BYMONTH=11;BYDAY=1SU","TZNAME":"PST","TZOFFSETFROM":"-0700","TZOFFSETTO":"-0800"}],"TZID":"America/Los_Angeles","X-LIC-LOCATION":"America/Los_Angeles"}],"X-WR-CALNAME":"calmozilla1@example.com","X-WR-TIMEZONE":"America/Los_Angeles"}]}"`;

exports[`Parse ICS to JSON file Parses ICS and matches JSON snapshot \`parserv2.ics\` 1`] = `"{"VCALENDAR":[{"PRODID":"Zimbra-Calendar-Provider","VERSION":"2.0","VEVENT":[{"ATTENDEE":[{"CN":"XXX","PARTSTAT":"ACCEPTED","ROLE":"REQ-PARTICIPANT","RSVP":"TRUE","__value__":"mailto:foo@bar.com","key":"ATTENDEE"},{"CN":"XXXX","PARTSTAT":"ACCEPTED","ROLE":"REQ-PARTICIPANT","RSVP":"TRUE","__value__":"mailto:x@bar.com","key":"ATTENDEE"}],"CLASS":"PUBLIC","DESCRIPTION":"desc","DTEND":{"TZID":"America/Los_Angeles","__value__":"20120911T110000","key":"DTEND"},"DTSTAMP":"20120911T184851Z","DTSTART":{"TZID":"America/Los_Angeles","__value__":"20120911T103000","key":"DTSTART"},"LAST-MODIFIED":"20120911T184851Z","ORGANIZER":{"CN":"foobar","__value__":"mailto:x@bar.com","key":"ORGANIZER"},"RRULE":"FREQ=DAILY;BYDAY=MO,TU,WE,TH,FR","SEQUENCE":"1","STATUS":"CONFIRMED","SUMMARY":"Calendar","TRANSP":"OPAQUE","UID":"44c10eaa-db0b-4223-8653-cf2b63f26326","VALARM":[{"ACTION":"DISPLAY","DESCRIPTION":"Reminder","TRIGGER":{"RELATED":"START","__value__":"-PT5M","key":"TRIGGER"}}]}],"VTIMEZONE":[{"DAYLIGHT":[{"DTSTART":"19710101T020000","RRULE":"FREQ=YEARLY;BYDAY=2SU;BYMONTH=3","TZNAME":"PDT","TZOFFSETFROM":"-0800","TZOFFSETTO":"-0700"}],"STANDARD":[{"DTSTART":"19710101T020000","RRULE":"FREQ=YEARLY;BYDAY=1SU;BYMONTH=11","TZNAME":"PST","TZOFFSETFROM":"-0700","TZOFFSETTO":"-0800"}],"TZID":"America/Los_Angeles"}]}]}"`;

exports[`Parse ICS to JSON file Parses ICS and matches JSON snapshot \`recur_instances.ics\` 1`] = `"{"VCALENDAR":[{"PRODID":"Zimbra-Calendar-Provider","VERSION":"2.0","VEVENT":[{"ATTENDEE":[{"CN":"iam.revelation@gmail.com","CUTYPE":"INDIVIDUAL","PARTSTAT":"NEEDS-ACTION","ROLE":"REQ-PARTICIPANT","X-NUM-GUESTS":"0","__value__":"mailto:iam.revelation@gmail.com","key":"ATTENDEE"}],"CLASS":"PUBLIC","DESCRIPTION":"IAM FOO","DTEND":{"TZID":"America/Los_Angeles","__value__":"20121002T103000","key":"DTEND"},"DTSTAMP":"20120912T171506Z","DTSTART":{"TZID":"America/Los_Angeles","__value__":"20121002T100000","key":"DTSTART"},"EXDATE":{"TZID":"America/Los_Angeles","__value__":"20130205T100000","key":"EXDATE"},"LAST-MODIFIED":"20120912T171506Z","LOCATION":"PLACE","ORGANIZER":{"CN":"James Lal","__value__":"mailto:jlal@mozilla.com","key":"ORGANIZER"},"RDATE":{"TZID":"America/Los_Angeles","__value__":"20121110T100000,20121130T100000","key":"RDATE"},"RRULE":"FREQ=MONTHLY;INTERVAL=1;BYDAY=1TU","SEQUENCE":"0","STATUS":"CONFIRMED","SUMMARY":"Crazy Event Thingy!","TRANSP":"OPAQUE","UID":"623c13c0-6c2b-45d6-a12b-c33ad61c4868","VALARM":[{"ACTION":"DISPLAY","DESCRIPTION":"Reminder","TRIGGER":{"RELATED":"START","__value__":"-PT5M","key":"TRIGGER"}}]},{"CLASS":"PUBLIC","DESCRIPTION":"I HAZ CHANGED!","DTEND":{"TZID":"America/Los_Angeles","__value__":"20121002T153000","key":"DTEND"},"DTSTAMP":"20120912T171540Z","DTSTART":{"TZID":"America/Los_Angeles","__value__":"20121002T150000","key":"DTSTART"},"LAST-MODIFIED":"20120912T171540Z","ORGANIZER":{"CN":"James Lal","__value__":"mailto:jlal@mozilla.com","key":"ORGANIZER"},"RECURRENCE-ID":{"TZID":"America/Los_Angeles","__value__":"20121002T100000","key":"RECURRENCE-ID"},"SEQUENCE":"1","STATUS":"CONFIRMED","SUMMARY":"Crazy Event Thingy!","TRANSP":"OPAQUE","UID":"623c13c0-6c2b-45d6-a12b-c33ad61c4868","VALARM":[{"ACTION":"DISPLAY","DESCRIPTION":"Reminder","TRIGGER":{"RELATED":"START","__value__":"-PT5M","key":"TRIGGER"}}]},{"CLASS":"PUBLIC","DTEND":{"TZID":"America/Los_Angeles","__value__":"20121106T203000","key":"DTEND"},"DTSTAMP":"20120912T171820Z","DTSTART":{"TZID":"America/Los_Angeles","__value__":"20121106T200000","key":"DTSTART"},"LAST-MODIFIED":"20120912T171820Z","ORGANIZER":{"CN":"James Lal","__value__":"mailto:jlal@mozilla.com","key":"ORGANIZER"},"RECURRENCE-ID":"20121105T180000Z","SEQUENCE":"1","STATUS":"CONFIRMED","SUMMARY":"Crazy Event Thingy!","TRANSP":"OPAQUE","UID":"623c13c0-6c2b-45d6-a12b-c33ad61c4868","VALARM":[{"ACTION":"DISPLAY","DESCRIPTION":"Reminder","TRIGGER":{"RELATED":"START","__value__":"-PT5M","key":"TRIGGER"}}]}],"VTIMEZONE":[{"DAYLIGHT":[{"DTSTART":"19710101T020000","RRULE":"FREQ=YEARLY;WKST=MO;INTERVAL=1;BYMONTH=3;BYDAY=2SU","TZNAME":"PDT","TZOFFSETFROM":"-0800","TZOFFSETTO":"-0700"}],"STANDARD":[{"DTSTART":"19710101T020000","RRULE":"FREQ=YEARLY;WKST=MO;INTERVAL=1;BYMONTH=11;BYDAY=1SU","TZNAME":"PST","TZOFFSETFROM":"-0700","TZOFFSETTO":"-0800"}],"TZID":"America/Los_Angeles"},{"X-INVALID-TIMEZONE":"TRUE"}]}]}"`;

exports[`Parse ICS to JSON file Parses ICS and matches JSON snapshot \`recur_instances_finite.ics\` 1`] = `"{"VCALENDAR":[{"PRODID":"Zimbra-Calendar-Provider","VERSION":"2.0","VEVENT":[{"ATTENDEE":[{"CN":"Sahaja Lal","CUTYPE":"INDIVIDUAL","PARTSTAT":"ACCEPTED","ROLE":"REQ-PARTICIPANT","X-NUM-GUESTS":"0","__value__":"mailto:calmozilla1@gmail.com","key":"ATTENDEE"},{"CN":"james@lightsofapollo.com","CUTYPE":"INDIVIDUAL","PARTSTAT":"NEEDS-ACTION","ROLE":"REQ-PARTICIPANT","X-NUM-GUESTS":"0","__value__":"mailto:james@lightsofapollo.com","key":"ATTENDEE"},{"CN":"iam.revelation@gmail.com","CUTYPE":"INDIVIDUAL","PARTSTAT":"NEEDS-ACTION","ROLE":"REQ-PARTICIPANT","X-NUM-GUESTS":"0","__value__":"mailto:iam.revelation@gmail.com","key":"ATTENDEE"}],"CLASS":"PUBLIC","DESCRIPTION":"IAM FOO","DTEND":{"TZID":"America/Los_Angeles","__value__":"20121002T103000","key":"DTEND"},"DTSTAMP":"20120912T171506Z","DTSTART":{"TZID":"America/Los_Angeles","__value__":"20121002T100000","key":"DTSTART"},"LAST-MODIFIED":"20120912T171506Z","LOCATION":"PLACE","ORGANIZER":{"CN":"James Lal","__value__":"mailto:jlal@mozilla.com","key":"ORGANIZER"},"RDATE":[{"TZID":"America/Los_Angeles","__value__":"20121110T100000","key":"RDATE"},{"TZID":"America/Los_Angeles","__value__":"20121105T100000","key":"RDATE"}],"RRULE":"FREQ=MONTHLY;INTERVAL=1;BYDAY=1TU;UNTIL=20121231T100000","SEQUENCE":"0","STATUS":"CONFIRMED","SUMMARY":"Crazy Event Thingy!","TRANSP":"OPAQUE","UID":"623c13c0-6c2b-45d6-a12b-c33ad61c4868","VALARM":[{"ACTION":"DISPLAY","DESCRIPTION":"Reminder","TRIGGER":{"RELATED":"START","__value__":"-PT5M","key":"TRIGGER"}}]}],"VTIMEZONE":[{"DAYLIGHT":[{"DTSTART":"19710101T020000","RRULE":"FREQ=YEARLY;WKST=MO;INTERVAL=1;BYMONTH=3;BYDAY=2SU","TZNAME":"PDT","TZOFFSETFROM":"-0800","TZOFFSETTO":"-0700"}],"STANDARD":[{"DTSTART":"19710101T020000","RRULE":"FREQ=YEARLY;WKST=MO;INTERVAL=1;BYMONTH=11;BYDAY=1SU","TZNAME":"PST","TZOFFSETFROM":"-0700","TZOFFSETTO":"-0800"}],"TZID":"America/Los_Angeles"}]}]}"`;

exports[`Parse ICS to JSON file Parses ICS and matches JSON snapshot \`utc_negative_zero.ics\` 1`] = `"{"VCALENDAR":[{"PRODID":"Zimbra-Calendar-Provider","VERSION":"2.0","VEVENT":[{"CLASS":"PUBLIC","DTEND":{"TZID":"Etc/GMT","__value__":"20120821T213000","key":"DTEND"},"DTSTAMP":"20120817T032509Z","DTSTART":{"TZID":"Etc/GMT","__value__":"20120821T210000","key":"DTSTART"},"ORGANIZER":{"CN":"Sahaja Lal","__value__":"mailto:calmozilla1@yahoo.com","key":"ORGANIZER"},"SEQUENCE":"0","STATUS":"CONFIRMED","SUMMARY":"And another","TRANSP":"OPAQUE","UID":"d118e997-3683-4552-8fe8-57c641f1f179","X-MICROSOFT-CDO-INTENDEDSTATUS":"BUSY","X-MICROSOFT-DISALLOW-COUNTER":"TRUE"}],"VTIMEZONE":[{"STANDARD":[{"DTSTART":"19710101T000000","TZNAME":"GMT","TZOFFSETFROM":"-0000","TZOFFSETTO":"-0000"}],"TZID":"Etc/GMT"}]}]}"`;
